
::: running lint tools in parallel

::: ruff check
All checks passed!

::: basedpyright
/home/josh/projects/chess-worktrees/sffree-E-admission-20260922/tests/test_adaptive_sf_value.py
  /home/josh/projects/chess-worktrees/sffree-E-admission-20260922/tests/test_adaptive_sf_value.py:168:43 - error: Argument of type "Unknown | NDArray[void] | Any | ndarray[Any, dtype[float64]] | Array | Group" cannot be assigned to parameter "x" of type "ArrayLike" in function "assert_array_equal"
    Type "Unknown | NDArray[void] | Any | ndarray[Any, dtype[float64]] | Array | Group" is not assignable to type "ArrayLike"
      Type "Group" is not assignable to type "ArrayLike"
        "Group" is incompatible with protocol "_SupportsArray[dtype[Any]]"
          "__array__" is not present
        "Group" is incompatible with protocol "_NestedSequence[_SupportsArray[dtype[Any]]]"
          "__reversed__" is not present
          "count" is not present
          "index" is not present
    ... (reportArgumentType)
  /home/josh/projects/chess-worktrees/sffree-E-admission-20260922/tests/test_adaptive_sf_value.py:168:55 - error: Argument of type "Unknown | NDArray[void] | Any | ndarray[Any, dtype[float64]] | Array | Group" cannot be assigned to parameter "y" of type "ArrayLike" in function "assert_array_equal"
    Type "Unknown | NDArray[void] | Any | ndarray[Any, dtype[float64]] | Array | Group" is not assignable to type "ArrayLike"
      Type "Group" is not assignable to type "ArrayLike"
        "Group" is incompatible with protocol "_SupportsArray[dtype[Any]]"
          "__array__" is not present
        "Group" is incompatible with protocol "_NestedSequence[_SupportsArray[dtype[Any]]]"
          "__reversed__" is not present
          "count" is not present
          "index" is not present
    ... (reportArgumentType)
  /home/josh/projects/chess-worktrees/sffree-E-admission-20260922/tests/test_adaptive_sf_value.py:189:35 - error: Argument of type "Unknown | NDArray[void] | Any | ndarray[Any, dtype[float64]] | Array | Group" cannot be assigned to parameter "x" of type "ArrayLike" in function "assert_array_equal"
    Type "Unknown | NDArray[void] | Any | ndarray[Any, dtype[float64]] | Array | Group" is not assignable to type "ArrayLike"
      Type "Group" is not assignable to type "ArrayLike"
        "Group" is incompatible with protocol "_SupportsArray[dtype[Any]]"
          "__array__" is not present
        "Group" is incompatible with protocol "_NestedSequence[_SupportsArray[dtype[Any]]]"
          "__reversed__" is not present
          "count" is not present
          "index" is not present
    ... (reportArgumentType)
  /home/josh/projects/chess-worktrees/sffree-E-admission-20260922/tests/test_adaptive_sf_value.py:189:55 - error: Argument of type "Unknown | NDArray[void] | Any | ndarray[Any, dtype[float64]] | Array | Group" cannot be assigned to parameter "y" of type "ArrayLike" in function "assert_array_equal"
    Type "Unknown | NDArray[void] | Any | ndarray[Any, dtype[float64]] | Array | Group" is not assignable to type "ArrayLike"
      Type "Group" is not assignable to type "ArrayLike"
        "Group" is incompatible with protocol "_SupportsArray[dtype[Any]]"
          "__array__" is not present
        "Group" is incompatible with protocol "_NestedSequence[_SupportsArray[dtype[Any]]]"
          "__reversed__" is not present
          "count" is not present
          "index" is not present
    ... (reportArgumentType)
/home/josh/projects/chess-worktrees/sffree-E-admission-20260922/tests/test_bt4_policy_mix.py
  /home/josh/projects/chess-worktrees/sffree-E-admission-20260922/tests/test_bt4_policy_mix.py:1189:71 - error: Argument of type "floating[_16Bit]" cannot be assigned to parameter "atol" of type "float" in function "allclose"
    "floating[_16Bit]" is not assignable to "float" (reportArgumentType)
/home/josh/projects/chess-worktrees/sffree-E-admission-20260922/tests/test_ceres_derived_sidecar.py
  /home/josh/projects/chess-worktrees/sffree-E-admission-20260922/tests/test_ceres_derived_sidecar.py:344:54 - error: Argument of type "Unknown | NDArray[void] | Any | ndarray[Any, dtype[float64]] | Array | Group" cannot be assigned to parameter "y" of type "ArrayLike" in function "assert_array_equal"
    Type "Unknown | NDArray[void] | Any | ndarray[Any, dtype[float64]] | Array | Group" is not assignable to type "ArrayLike"
      Type "Group" is not assignable to type "ArrayLike"
        "Group" is incompatible with protocol "_SupportsArray[dtype[Any]]"
          "__array__" is not present
        "Group" is incompatible with protocol "_NestedSequence[_SupportsArray[dtype[Any]]]"
          "__reversed__" is not present
          "count" is not present
          "index" is not present
    ... (reportArgumentType)
  /home/josh/projects/chess-worktrees/sffree-E-admission-20260922/tests/test_ceres_derived_sidecar.py:415:39 - error: Argument of type "Unknown | NDArray[void] | Any | ndarray[Any, dtype[float64]] | Array | Group" cannot be assigned to parameter "x" of type "ArrayLike" in function "assert_array_equal"
    Type "Unknown | NDArray[void] | Any | ndarray[Any, dtype[float64]] | Array | Group" is not assignable to type "ArrayLike"
      Type "Group" is not assignable to type "ArrayLike"
        "Group" is incompatible with protocol "_SupportsArray[dtype[Any]]"
          "__array__" is not present
        "Group" is incompatible with protocol "_NestedSequence[_SupportsArray[dtype[Any]]]"
          "__reversed__" is not present
          "count" is not present
          "index" is not present
    ... (reportArgumentType)
  /home/josh/projects/chess-worktrees/sffree-E-admission-20260922/tests/test_ceres_derived_sidecar.py:415:55 - error: Argument of type "Unknown | NDArray[void] | Any | ndarray[Any, dtype[float64]] | Array | Group" cannot be assigned to parameter "y" of type "ArrayLike" in function "assert_array_equal"
    Type "Unknown | NDArray[void] | Any | ndarray[Any, dtype[float64]] | Array | Group" is not assignable to type "ArrayLike"
      Type "Group" is not assignable to type "ArrayLike"
        "Group" is incompatible with protocol "_SupportsArray[dtype[Any]]"
          "__array__" is not present
        "Group" is incompatible with protocol "_NestedSequence[_SupportsArray[dtype[Any]]]"
          "__reversed__" is not present
          "count" is not present
          "index" is not present
    ... (reportArgumentType)
/home/josh/projects/chess-worktrees/sffree-E-admission-20260922/tests/test_ceres_onnx_byte_input.py
  /home/josh/projects/chess-worktrees/sffree-E-admission-20260922/tests/test_ceres_onnx_byte_input.py:131:35 - error: Argument of type "ndarray[Unknown, Unknown] | SparseTensor | list[Unknown] | dict[Unknown, Unknown]" cannot be assigned to parameter "x" of type "ArrayLike" in function "assert_array_equal"
    Type "ndarray[Unknown, Unknown] | SparseTensor | list[Unknown] | dict[Unknown, Unknown]" is not assignable to type "ArrayLike"
      Type "SparseTensor" is not assignable to type "ArrayLike"
        "SparseTensor" is incompatible with protocol "_SupportsArray[dtype[Any]]"
          "__array__" is not present
        "SparseTensor" is incompatible with protocol "_NestedSequence[_SupportsArray[dtype[Any]]]"
          "__len__" is not present
          "__getitem__" is not present
          "__contains__" is not present
    ... (reportArgumentType)
  /home/josh/projects/chess-worktrees/sffree-E-admission-20260922/tests/test_ceres_onnx_byte_input.py:132:43 - error: Argument of type "ndarray[Unknown, Unknown] | SparseTensor | list[Unknown] | dict[Unknown, Unknown]" cannot be assigned to parameter "y" of type "ArrayLike" in function "assert_array_equal"
    Type "ndarray[Unknown, Unknown] | SparseTensor | list[Unknown] | dict[Unknown, Unknown]" is not assignable to type "ArrayLike"
      Type "SparseTensor" is not assignable to type "ArrayLike"
        "SparseTensor" is incompatible with protocol "_SupportsArray[dtype[Any]]"
          "__array__" is not present
        "SparseTensor" is incompatible with protocol "_NestedSequence[_SupportsArray[dtype[Any]]]"
          "__len__" is not present
          "__getitem__" is not present
          "__contains__" is not present
    ... (reportArgumentType)
/home/josh/projects/chess-worktrees/sffree-E-admission-20260922/tests/test_derive_observation_provenance.py
  /home/josh/projects/chess-worktrees/sffree-E-admission-20260922/tests/test_derive_observation_provenance.py:114:43 - error: Argument of type "Unknown | NDArray[void] | Any | ndarray[Any, dtype[float64]] | Array | Group" cannot be assigned to parameter "x" of type "ArrayLike" in function "assert_array_equal"
    Type "Unknown | NDArray[void] | Any | ndarray[Any, dtype[float64]] | Array | Group" is not assignable to type "ArrayLike"
      Type "Group" is not assignable to type "ArrayLike"
        "Group" is incompatible with protocol "_SupportsArray[dtype[Any]]"
          "__array__" is not present
        "Group" is incompatible with protocol "_NestedSequence[_SupportsArray[dtype[Any]]]"
          "__reversed__" is not present
          "count" is not present
          "index" is not present
    ... (reportArgumentType)
  /home/josh/projects/chess-worktrees/sffree-E-admission-20260922/tests/test_derive_observation_provenance.py:114:59 - error: Argument of type "Unknown | NDArray[void] | Any | ndarray[Any, dtype[float64]] | Array | Group" cannot be assigned to parameter "y" of type "ArrayLike" in function "assert_array_equal"
    Type "Unknown | NDArray[void] | Any | ndarray[Any, dtype[float64]] | Array | Group" is not assignable to type "ArrayLike"
      Type "Group" is not assignable to type "ArrayLike"
        "Group" is incompatible with protocol "_SupportsArray[dtype[Any]]"
          "__array__" is not present
        "Group" is incompatible with protocol "_NestedSequence[_SupportsArray[dtype[Any]]]"
          "__reversed__" is not present
          "count" is not present
          "index" is not present
    ... (reportArgumentType)
/home/josh/projects/chess-worktrees/sffree-E-admission-20260922/tests/test_sf_allmove_downside.py
  /home/josh/projects/chess-worktrees/sffree-E-admission-20260922/tests/test_sf_allmove_downside.py:81:39 - error: Argument of type "Unknown | NDArray[void] | Any | ndarray[Any, dtype[float64]] | Array | Group" cannot be assigned to parameter "x" of type "ArrayLike" in function "assert_array_equal"
    Type "Unknown | NDArray[void] | Any | ndarray[Any, dtype[float64]] | Array | Group" is not assignable to type "ArrayLike"
      Type "Group" is not assignable to type "ArrayLike"
        "Group" is incompatible with protocol "_SupportsArray[dtype[Any]]"
          "__array__" is not present
        "Group" is incompatible with protocol "_NestedSequence[_SupportsArray[dtype[Any]]]"
          "__reversed__" is not present
          "count" is not present
          "index" is not present
    ... (reportArgumentType)
  /home/josh/projects/chess-worktrees/sffree-E-admission-20260922/tests/test_sf_allmove_downside.py:81:59 - error: Argument of type "Unknown | NDArray[void] | Any | ndarray[Any, dtype[float64]] | Array | Group" cannot be assigned to parameter "y" of type "ArrayLike" in function "assert_array_equal"
    Type "Unknown | NDArray[void] | Any | ndarray[Any, dtype[float64]] | Array | Group" is not assignable to type "ArrayLike"
      Type "Group" is not assignable to type "ArrayLike"
        "Group" is incompatible with protocol "_SupportsArray[dtype[Any]]"
          "__array__" is not present
        "Group" is incompatible with protocol "_NestedSequence[_SupportsArray[dtype[Any]]]"
          "__reversed__" is not present
          "count" is not present
          "index" is not present
    ... (reportArgumentType)
14 errors, 0 warnings, 0 notes

::: vulture (dead code, min confidence 80)
