[sf-d9-ranks] FAILED; preserving partial output at /home/josh/projects/chess/scratchpad/bt4_joint20/hybrid_endpoint_run01/preparation/G10_common_worker01_v1/run07_g10_companion4/rank.writing
Traceback (most recent call last):
  File "/tmp/deepfin-g10-worker01-tools/scripts/sf_d9_rank_sidecar.py", line 809, in <module>
    raise SystemExit(main())
                     ~~~~^^
  File "/tmp/deepfin-g10-worker01-tools/scripts/sf_d9_rank_sidecar.py", line 805, in main
    return bank(build_parser().parse_args(argv))
  File "/tmp/deepfin-g10-worker01-tools/scripts/sf_d9_rank_sidecar.py", line 666, in bank
    written, raw_rows, dropped_no_result, provenance_proof = _bank_provenance(
                                                             ~~~~~~~~~~~~~~~~^
        record=record, raw_dir=raw_dir, source_paths=source_paths,
        ^^^^^^^^^^^^^^^^^^^^^^^^^^^^^^^^^^^^^^^^^^^^^^^^^^^^^^^^^^
    ...<3 lines>...
        exclusions=exclusions, exclusion_path=exclusion_path,
        ^^^^^^^^^^^^^^^^^^^^^^^^^^^^^^^^^^^^^^^^^^^^^^^^^^^^^
    )
    ^
  File "/tmp/deepfin-g10-worker01-tools/scripts/sf_d9_rank_sidecar.py", line 429, in _bank_provenance
    raise ValueError(f"rank/history cache needs up to {required} bytes, cap {max_cache_bytes}")
ValueError: rank/history cache needs up to 73413295 bytes, cap 67108864
