multiprocessing.pool.RemoteTraceback: 
"""
Traceback (most recent call last):
  File "/tmp/deepfin-g10-pilot-tools/scripts/derive_corpus_targets.py", line 6410, in _run_worker
    derived = deriver.derive_row(row)
  File "/tmp/deepfin-g10-pilot-tools/scripts/derive_corpus_targets.py", line 3021, in derive_row
    values = apply_scheme(bank, self.options.scheme)
  File "/tmp/deepfin-g10-pilot-tools/scripts/derive_corpus_targets.py", line 1416, in apply_scheme
    raise EnvelopeMiss(
    ...<2 lines>...
    )
__mp_main__.EnvelopeMiss: phase 0 has no complete block at depth 9; the row's full-width envelope is [5]

The above exception was the direct cause of the following exception:

Traceback (most recent call last):
  File "/home/josh/.local/share/uv/python/cpython-3.13.15-linux-x86_64-gnu/lib/python3.13/multiprocessing/pool.py", line 125, in worker
    result = (True, func(*args, **kwds))
                    ~~~~^^^^^^^^^^^^^^^
  File "/home/josh/.local/share/uv/python/cpython-3.13.15-linux-x86_64-gnu/lib/python3.13/multiprocessing/pool.py", line 48, in mapstar
    return list(map(*args))
  File "/tmp/deepfin-g10-pilot-tools/scripts/derive_corpus_targets.py", line 6420, in _run_worker
    raise CorpusIntegrityError(
    ...<7 lines>...
    ) from exc
__mp_main__.CorpusIntegrityError: game 0 ply 8 cannot answer --scheme uniform-d9: phase 0 has no complete block at depth 9; the row's full-width envelope is [5]. That is 1 envelope miss(es) against --max-envelope-misses 0. Dropping rows changes which positions the corpus contains, so the tolerance is stated rather than assumed.
"""

The above exception was the direct cause of the following exception:

Traceback (most recent call last):
  File "/tmp/deepfin-g10-pilot-tools/scripts/derive_corpus_targets.py", line 7279, in <module>
    raise SystemExit(main())
                     ~~~~^^
  File "/tmp/deepfin-g10-pilot-tools/scripts/derive_corpus_targets.py", line 7260, in main
    out = derive_parallel(
        corpus_dir=corpus_dir,
    ...<3 lines>...
        workers=workers,
    )
  File "/tmp/deepfin-g10-pilot-tools/scripts/derive_corpus_targets.py", line 6933, in derive_parallel
    results = pool.map(_run_worker, tasks, chunksize=1)
  File "/home/josh/.local/share/uv/python/cpython-3.13.15-linux-x86_64-gnu/lib/python3.13/multiprocessing/pool.py", line 367, in map
    return self._map_async(func, iterable, mapstar, chunksize).get()
           ~~~~~~~~~~~~~~~~~~~~~~~~~~~~~~~~~~~~~~~~~~~~~~~~~~~~~~~^^
  File "/home/josh/.local/share/uv/python/cpython-3.13.15-linux-x86_64-gnu/lib/python3.13/multiprocessing/pool.py", line 774, in get
    raise self._value
CorpusIntegrityError: game 0 ply 8 cannot answer --scheme uniform-d9: phase 0 has no complete block at depth 9; the row's full-width envelope is [5]. That is 1 envelope miss(es) against --max-envelope-misses 0. Dropping rows changes which positions the corpus contains, so the tolerance is stated rather than assumed.
